// Jest Snapshot v1, https://goo.gl/fbAQLP

exports[`renders correctly 1`] = `
<View
  style={
    Object {
      "alignItems": "center",
      "flex": 1,
      "justifyContent": "center",
      "width": "100%",
    }
  }
>
  <View
    style={
      Array [
        Object {
          "backgroundColor": "#FFFFFF",
          "borderTopEndRadius": 25,
          "borderTopStartRadius": 25,
          "bottom": 0,
          "height": "80%",
          "position": "absolute",
          "width": "100%",
        },
        Object {},
      ]
    }
  />
</View>
`;
